// Jest Snapshot v1, https://goo.gl/fbAQLP

exports[`if matches snapshot 1`] = `
<DocumentFragment>
  <div>
    <p>
      Hello, Im a FixedComponent!
    </p>
    <p>
      Here are some numbers:
    </p>
    <p>
      42
    </p>
    <p>
      43
    </p>
    <p>
      44
    </p>
  </div>
</DocumentFragment>
`;
